2026-10-02 23:15:35.261 INFO   Freerouting v2.4.1 (build-date: 2026-09-03)
WARNING: Final field userProfileSettings in class app.freerouting.settings.GlobalSettings has been mutated reflectively by class com.google.gson.internal.bind.ReflectiveTypeAdapterFactory$2 in unnamed module @954b04f (file:/home/thomc/.local/share/freerouting/freerouting-2.4.1.jar)
WARNING: Use --enable-final-field-mutation=ALL-UNNAMED to avoid a warning
WARNING: Mutating final fields will be blocked in a future release unless final field mutation is enabled
2026-10-02 23:15:36.629 INFO   [B6D549\ECC253] Loading board file 'FujiNet-Astrocade-Rev0.dsn'...
2026-10-02 23:15:36.746 WARN   DSN file 'FujiNet-Astrocade-Rev0.dsn' was loaded with 4 warning(s).
2026-10-02 23:15:36.752 WARN   Power-plane validation failed:
- Dedicated power layer 'In4.Cu' has overlapping conduction areas: Area (ID 15, Net(s): [+3V3_RP]) and Area (ID 14, Net(s): [DVDD]) overlap.
- Dedicated power layer 'In4.Cu' has overlapping conduction areas: Area (ID 15, Net(s): [+3V3_RP]) and Area (ID 13, Net(s): [+3V3]) overlap.
- Dedicated power layer 'In4.Cu' has overlapping conduction areas: Area (ID 14, Net(s): [DVDD]) and Area (ID 13, Net(s): [+3V3]) overlap.

Proper Definition and Best Practices for Power Planes:
1. What Belongs on a Power Plane:
   - Solid Copper Pours: A single, uninterrupted sheet of copper assigned to one voltage (e.g., +3.3V).
   - Split Planes: Multiple distinct voltage zones divided by thin isolation gaps (puzzle pieces).
   - Vias and Anti-Pads: Plated holes passing through the board, surrounded by circular voids (anti-pads) to prevent shorting.
   - Thermal Reliefs: Spoked connections for vias or pins that connect to the plane, facilitating soldering.
2. Why Signal Wires/Traces are Banned:
   - Destroyed Return Paths: High-speed signals on adjacent layers couple to the solid plane below/above as return paths. Crossing a trace gap detours return currents, causing severe EMI and signal integrity issues.
   - Compromised Power Delivery: Power planes should provide the lowest impedance path. Routing traces chops up the copper, creating bottleneck restrictions and voltage drops.

2026-10-02 23:15:36.758 INFO   [B6D549\ECC253] Job 'B6D549\ECC253' started at 2026-10-03T04:15:36.758277433Z.
2026-10-02 23:15:37.246 INFO   [B6D549\ECC253] Fanout stage started on board '14185322c0986e92afee80172ada0ffa' with 231 of 409 SMD pins needing fanout (175 already connected, 3 netless).
2026-10-02 23:15:46.383 WARN   BasicBoard.normalizeTraces: reached 2000 iterations for net '/esp32/RST_BTN' — stopping to prevent hang. The board geometry for this net may be oscillating (split/combine cycle); traces are kept as-is and further normalization for this net is suppressed on this board candidate.
2026-10-02 23:15:47.204 INFO   [B6D549\ECC253] Fanout pass #1 on board '9d5425e868ae04d18042fd827de39a1e' completed in 9.59 seconds with 28 SMD pins fanouted, 54 not routed, 0 insert errors, +0 extra vias (0 SMD pins still to check in pass, ripup costs=100).
2026-10-02 23:15:59.813 WARN   BasicBoard.normalizeTraces: reached 2000 iterations for net '/usb/UART_DTR' — stopping to prevent hang. The board geometry for this net may be oscillating (split/combine cycle); traces are kept as-is and further normalization for this net is suppressed on this board candidate.
2026-10-02 23:16:00.879 INFO   [B6D549\ECC253] Fanout pass #2 on board '1e9f986c661fcd744c1a4b2dc61ff656' completed in 13.65 seconds with 21 SMD pins fanouted, 54 not routed, 0 insert errors, +0 extra vias (0 SMD pins still to check in pass, ripup costs=200).
2026-10-02 23:16:02.413 INFO   [B6D549\ECC253] Fanout pass #3 on board 'd3340a57dffc59dbb26fb796e0858a54' completed in 1.51 seconds with 20 SMD pins fanouted, 54 not routed, 0 insert errors, +0 extra vias (0 SMD pins still to check in pass, ripup costs=300).
2026-10-02 23:16:03.921 INFO   [B6D549\ECC253] Fanout pass #4 on board '3264fb22af8c18cdd3a3290325cdb801' completed in 1.49 seconds with 20 SMD pins fanouted, 54 not routed, 0 insert errors, +0 extra vias (0 SMD pins still to check in pass, ripup costs=400).
2026-10-02 23:16:05.411 INFO   [B6D549\ECC253] Fanout pass #5 on board '8a2d017162697c2885175ae40835c26e' completed in 1.47 seconds with 20 SMD pins fanouted, 54 not routed, 0 insert errors, +0 extra vias (0 SMD pins still to check in pass, ripup costs=500).
2026-10-02 23:16:06.984 INFO   [B6D549\ECC253] Fanout pass #6 on board '2c45e90e1a2a6d5895ee580d64584d0f' completed in 1.55 seconds with 20 SMD pins fanouted, 54 not routed, 0 insert errors, +0 extra vias (0 SMD pins still to check in pass, ripup costs=600).
2026-10-02 23:16:06.984 INFO   Fanout stopped after 6 passes: no progress for 3 consecutive passes.
2026-10-02 23:16:07.357 INFO   [B6D549\ECC253] Fanout stage completed: started with 406 total SMD pins, completed in 29.77 seconds, escaped pins: 291/406 (71.7%), using 30.21 total CPU seconds, 255.68 GB total allocated, and 4422.5 MB peak heap usage.
2026-10-02 23:16:07.393 INFO   [B6D549\ECC253] Auto-routing stage started on board '2c45e90e1a2a6d5895ee580d64584d0f' for 69 unrouted items.
2026-10-02 23:16:13.976 WARN   Simplex.calc_division_lines: division not found
2026-10-02 23:16:13.976 WARN   Simplex.cutout_from: division line is null
2026-10-02 23:16:15.152 WARN   Simplex.calc_division_lines: division not found
2026-10-02 23:16:15.152 WARN   Simplex.cutout_from: division line is null
2026-10-02 23:17:38.838 WARN   Polyline: must contain at least 2 different points
2026-10-02 23:17:40.573 INFO   [B6D549\ECC253] Auto-routing pass #1 on board '2c45e90e1a2a6d5895ee580d64584d0f' was completed in 92.35 seconds with score 705.91 (67 unrouted and 162 violations), using 121.86 CPU seconds and the job allocated 664.38 GB of memory so far.
2026-10-02 23:17:46.910 WARN   Simplex.calc_division_lines: division not found
2026-10-02 23:17:46.910 WARN   Simplex.cutout_from: division line is null
2026-10-02 23:17:48.044 WARN   Simplex.calc_division_lines: division not found
2026-10-02 23:17:48.044 WARN   Simplex.cutout_from: division line is null
2026-10-02 23:19:11.728 INFO   [B6D549\ECC253] Auto-routing pass #2 on board '4f606fb8304b067f98febbd94ddac296' was completed in 90.34 seconds with score 705.91 (67 unrouted and 162 violations), using 211.85 CPU seconds and the job allocated 1070.55 GB of memory so far.
2026-10-02 23:19:17.077 WARN   Simplex.calc_division_lines: division not found
2026-10-02 23:19:17.077 WARN   Simplex.cutout_from: division line is null
2026-10-02 23:19:18.074 WARN   Simplex.calc_division_lines: division not found
2026-10-02 23:19:18.074 WARN   Simplex.cutout_from: division line is null
2026-10-02 23:20:31.468 INFO   [B6D549\ECC253] Auto-routing pass #3 on board '0bf905a8095f5ed1b1f280cd3519f2c8' was completed in 79.03 seconds with score 705.91 (67 unrouted and 162 violations), using 290.91 CPU seconds and the job allocated 1480.19 GB of memory so far.
2026-10-02 23:20:37.072 WARN   Simplex.calc_division_lines: division not found
2026-10-02 23:20:37.072 WARN   Simplex.cutout_from: division line is null
2026-10-02 23:20:38.223 WARN   Simplex.calc_division_lines: division not found
2026-10-02 23:20:38.223 WARN   Simplex.cutout_from: division line is null
2026-10-02 23:21:57.526 INFO   [B6D549\ECC253] Auto-routing pass #4 on board '0bf905a8095f5ed1b1f280cd3519f2c8' was completed in 85.64 seconds with score 705.91 (67 unrouted and 162 violations), using 376.23 CPU seconds and the job allocated 1884.63 GB of memory so far.
2026-10-02 23:22:03.230 WARN   Simplex.calc_division_lines: division not found
2026-10-02 23:22:03.231 WARN   Simplex.cutout_from: division line is null
2026-10-02 23:22:04.298 WARN   Simplex.calc_division_lines: division not found
2026-10-02 23:22:04.298 WARN   Simplex.cutout_from: division line is null
2026-10-02 23:23:24.367 INFO   [B6D549\ECC253] Auto-routing pass #5 on board '0bf905a8095f5ed1b1f280cd3519f2c8' was completed in 86.44 seconds with score 705.91 (67 unrouted and 162 violations), using 462.50 CPU seconds and the job allocated 2290.80 GB of memory so far.
2026-10-02 23:23:29.990 WARN   Simplex.calc_division_lines: division not found
2026-10-02 23:23:29.990 WARN   Simplex.cutout_from: division line is null
2026-10-02 23:23:31.155 WARN   Simplex.calc_division_lines: division not found
2026-10-02 23:23:31.155 WARN   Simplex.cutout_from: division line is null
2026-10-02 23:24:51.041 INFO   [B6D549\ECC253] Auto-routing pass #6 on board '0bf905a8095f5ed1b1f280cd3519f2c8' was completed in 86.26 seconds with score 705.91 (67 unrouted and 162 violations), using 548.73 CPU seconds and the job allocated 2698.29 GB of memory so far.
2026-10-02 23:24:56.829 WARN   Simplex.calc_division_lines: division not found
2026-10-02 23:24:56.829 WARN   Simplex.cutout_from: division line is null
2026-10-02 23:24:57.857 WARN   Simplex.calc_division_lines: division not found
2026-10-02 23:24:57.857 WARN   Simplex.cutout_from: division line is null
2026-10-02 23:26:17.655 INFO   [B6D549\ECC253] Auto-routing pass #7 on board '0bf905a8095f5ed1b1f280cd3519f2c8' was completed in 86.19 seconds with score 705.91 (67 unrouted and 162 violations), using 633.97 CPU seconds and the job allocated 3098.50 GB of memory so far.
2026-10-02 23:26:23.423 WARN   Simplex.calc_division_lines: division not found
2026-10-02 23:26:23.423 WARN   Simplex.cutout_from: division line is null
2026-10-02 23:26:24.534 WARN   Simplex.calc_division_lines: division not found
2026-10-02 23:26:24.534 WARN   Simplex.cutout_from: division line is null
2026-10-02 23:27:45.087 INFO   [B6D549\ECC253] Auto-routing pass #8 on board '0bf905a8095f5ed1b1f280cd3519f2c8' was completed in 87.01 seconds with score 705.91 (67 unrouted and 162 violations), using 721.21 CPU seconds and the job allocated 3507.62 GB of memory so far.
2026-10-02 23:27:50.838 WARN   Simplex.calc_division_lines: division not found
2026-10-02 23:27:50.838 WARN   Simplex.cutout_from: division line is null
2026-10-02 23:27:51.919 WARN   Simplex.calc_division_lines: division not found
2026-10-02 23:27:51.920 WARN   Simplex.cutout_from: division line is null
2026-10-02 23:29:12.942 INFO   [B6D549\ECC253] Auto-routing pass #9 on board '0bf905a8095f5ed1b1f280cd3519f2c8' was completed in 87.45 seconds with score 705.91 (67 unrouted and 162 violations), using 807.46 CPU seconds and the job allocated 3905.60 GB of memory so far.
2026-10-02 23:29:18.726 WARN   Simplex.calc_division_lines: division not found
2026-10-02 23:29:18.726 WARN   Simplex.cutout_from: division line is null
2026-10-02 23:29:19.848 WARN   Simplex.calc_division_lines: division not found
2026-10-02 23:29:19.848 WARN   Simplex.cutout_from: division line is null
2026-10-02 23:30:41.609 INFO   [B6D549\ECC253] Auto-routing pass #10 on board '0bf905a8095f5ed1b1f280cd3519f2c8' was completed in 88.25 seconds with score 705.91 (67 unrouted and 162 violations), using 895.64 CPU seconds and the job allocated 4313.47 GB of memory so far.
2026-10-02 23:30:47.644 WARN   Simplex.calc_division_lines: division not found
2026-10-02 23:30:47.644 WARN   Simplex.cutout_from: division line is null
2026-10-02 23:30:48.840 WARN   Simplex.calc_division_lines: division not found
2026-10-02 23:30:48.840 WARN   Simplex.cutout_from: division line is null
2026-10-02 23:32:09.086 INFO   [B6D549\ECC253] Auto-routing pass #11 on board '0bf905a8095f5ed1b1f280cd3519f2c8' was completed in 87.03 seconds with score 705.91 (67 unrouted and 162 violations), using 982.88 CPU seconds and the job allocated 4722.16 GB of memory so far.
2026-10-02 23:32:15.214 WARN   Simplex.calc_division_lines: division not found
2026-10-02 23:32:15.214 WARN   Simplex.cutout_from: division line is null
2026-10-02 23:32:16.343 WARN   Simplex.calc_division_lines: division not found
2026-10-02 23:32:16.343 WARN   Simplex.cutout_from: division line is null
2026-10-02 23:33:36.565 INFO   [B6D549\ECC253] Auto-routing pass #12 on board '0bf905a8095f5ed1b1f280cd3519f2c8' was completed in 86.67 seconds with score 705.91 (67 unrouted and 162 violations), using 1069.12 CPU seconds and the job allocated 5126.10 GB of memory so far.
2026-10-02 23:33:42.204 WARN   Simplex.calc_division_lines: division not found
2026-10-02 23:33:42.204 WARN   Simplex.cutout_from: division line is null
2026-10-02 23:33:43.341 WARN   Simplex.calc_division_lines: division not found
2026-10-02 23:33:43.341 WARN   Simplex.cutout_from: division line is null
2026-10-02 23:34:57.099 INFO   [B6D549\ECC253] Auto-routing pass #13 on board '0bf905a8095f5ed1b1f280cd3519f2c8' was completed in 80.12 seconds with score 705.91 (67 unrouted and 162 violations), using 1149.38 CPU seconds and the job allocated 5534.08 GB of memory so far.
2026-10-02 23:35:01.871 WARN   Simplex.calc_division_lines: division not found
2026-10-02 23:35:01.871 WARN   Simplex.cutout_from: division line is null
2026-10-02 23:35:02.821 WARN   Simplex.calc_division_lines: division not found
2026-10-02 23:35:02.821 WARN   Simplex.cutout_from: division line is null
2026-10-02 23:36:17.852 INFO   [B6D549\ECC253] Auto-routing pass #14 on board '0bf905a8095f5ed1b1f280cd3519f2c8' was completed in 80.41 seconds with score 705.91 (67 unrouted and 162 violations), using 1228.60 CPU seconds and the job allocated 5930.20 GB of memory so far.
2026-10-02 23:36:22.318 WARN   Simplex.calc_division_lines: division not found
2026-10-02 23:36:22.318 WARN   Simplex.cutout_from: division line is null
2026-10-02 23:36:23.186 WARN   Simplex.calc_division_lines: division not found
2026-10-02 23:36:23.187 WARN   Simplex.cutout_from: division line is null
2026-10-02 23:37:38.358 INFO   [B6D549\ECC253] Auto-routing pass #15 on board '0bf905a8095f5ed1b1f280cd3519f2c8' was completed in 80.18 seconds with score 705.91 (67 unrouted and 162 violations), using 1308.84 CPU seconds and the job allocated 6340.71 GB of memory so far.
2026-10-02 23:37:44.224 WARN   Simplex.calc_division_lines: division not found
2026-10-02 23:37:44.224 WARN   Simplex.cutout_from: division line is null
2026-10-02 23:37:45.373 WARN   Simplex.calc_division_lines: division not found
2026-10-02 23:37:45.373 WARN   Simplex.cutout_from: division line is null
2026-10-02 23:39:09.095 INFO   [B6D549\ECC253] Auto-routing pass #16 on board '0bf905a8095f5ed1b1f280cd3519f2c8' was completed in 90.30 seconds with score 705.91 (67 unrouted and 162 violations), using 1398.07 CPU seconds and the job allocated 6739.92 GB of memory so far.
2026-10-02 23:39:15.009 WARN   Simplex.calc_division_lines: division not found
2026-10-02 23:39:15.009 WARN   Simplex.cutout_from: division line is null
2026-10-02 23:39:16.138 WARN   Simplex.calc_division_lines: division not found
2026-10-02 23:39:16.138 WARN   Simplex.cutout_from: division line is null
2026-10-02 23:40:40.286 INFO   [B6D549\ECC253] Auto-routing pass #17 on board '0bf905a8095f5ed1b1f280cd3519f2c8' was completed in 90.76 seconds with score 705.91 (67 unrouted and 162 violations), using 1489.27 CPU seconds and the job allocated 7150.77 GB of memory so far.
2026-10-02 23:40:46.210 WARN   Simplex.calc_division_lines: division not found
2026-10-02 23:40:46.210 WARN   Simplex.cutout_from: division line is null
2026-10-02 23:40:47.383 WARN   Simplex.calc_division_lines: division not found
2026-10-02 23:40:47.384 WARN   Simplex.cutout_from: division line is null
2026-10-02 23:42:10.913 INFO   [B6D549\ECC253] Auto-routing pass #18 on board '0bf905a8095f5ed1b1f280cd3519f2c8' was completed in 90.19 seconds with score 705.91 (67 unrouted and 162 violations), using 1578.51 CPU seconds and the job allocated 7551.13 GB of memory so far.
2026-10-02 23:42:10.980 INFO   [B6D549\ECC253] The router's best score (705.91) has not improved by more than 0.5 points since pass #8. Stopping the auto-router after 18 passes (67 items still unconnected).
The following connections could not be routed -- please review your design (e.g. check pad clearances, trace width rules, and available routing space):
  Net '+3V3_RP' (4 unrouted connections):
    - U1-53  ->  U1-54
    - via  ->  C7-1
    - conductionarea  ->  U1-44
    - C2-1  ->  C11-1
  Net 'DVDD' (1 unrouted connection):
    - U1-50  ->  conductionarea
  Net 'GND' (6 unrouted connections):
    - J1-26@1  ->  J1-26@2
    - J1-13@1  ->  J1-13@2
    - J1-1@2  ->  J1-1@1
    - J1-26@1  ->  J1-26
    - J1-13@1  ->  J1-13
    - J1-1@1  ->  J1-1
  Net '/esp32/S3_EN' (1 unrouted connection):
    - via  ->  U4-6
  Net '/cart/VREG_AVDD' (2 unrouted connections):
    - R1-2  ->  C16-1
    - C16-1  ->  U1-46
  Net 'CONS_5V' (2 unrouted connections):
    - J1-25@2  ->  J1-25@1
    - J1-25@1  ->  J1-25
  Net '/cart/BOOTSEL_BTN' (1 unrouted connection):
    - SW1-1  ->  via
  Net '/usb/UBRG_DP' (1 unrouted connection):
    - J3-B6  ->  via
  Net '/usb/UART_RTS' (2 unrouted connections):
    - U4-1  ->  U4-5
    - U4-1  ->  U3-24
  Net '/cart/RUN' (1 unrouted connection):
    - R6-2  ->  R3-2
  Net '/cart/RP_USB_DM' (1 unrouted connection):
    - R12-2  ->  U1-51
  Net '/cart/RP_USB_DP' (1 unrouted connection):
    - R11-2  ->  U1-52
  Net '/cart/CA0' (2 unrouted connections):
    - J1-9@1  ->  J1-9@2
    - J1-9@1  ->  J1-9
  Net '/cart/CA1' (2 unrouted connections):
    - J1-8@2  ->  J1-8@1
    - J1-8@1  ->  J1-8
  Net '/cart/CA2' (2 unrouted connections):
    - J1-7@1  ->  J1-7@2
    - J1-7@1  ->  J1-7
  Net '/cart/CA3' (2 unrouted connections):
    - J1-6@1  ->  J1-6@2
    - J1-6  ->  J1-6@1
  Net '/cart/CA4' (2 unrouted connections):
    - J1-5@1  ->  J1-5@2
    - J1-5  ->  J1-5@1
  Net '/cart/CA5' (2 unrouted connections):
    - J1-4@1  ->  J1-4@2
    - J1-4  ->  J1-4@1
  Net '/cart/CA6' (2 unrouted connections):
    - J1-3@1  ->  J1-3@2
    - J1-3@1  ->  J1-3
  Net '/cart/CA7' (2 unrouted connections):
    - J1-2@2  ->  J1-2@1
    - J1-2@1  ->  J1-2
  Net '/cart/CA8' (2 unrouted connections):
    - J1-24@1  ->  J1-24@2
    - J1-24@1  ->  J1-24
  Net '/cart/CA9' (2 unrouted connections):
    - J1-23@1  ->  J1-23@2
    - J1-23  ->  J1-23@1
  Net '/cart/CA10' (2 unrouted connections):
    - J1-20@2  ->  J1-20@1
    - J1-20@1  ->  J1-20
  Net '/cart/CA11' (2 unrouted connections):
    - J1-19@1  ->  J1-19@2
    - J1-19  ->  J1-19@1
  Net '/cart/CA12' (2 unrouted connections):
    - J1-22@1  ->  J1-22@2
    - J1-22@1  ->  J1-22
  Net '/cart/CCS_N' (2 unrouted connections):
    - J1-21@1  ->  J1-21@2
    - J1-21@1  ->  J1-21
  Net '/cart/CD0' (2 unrouted connections):
    - J1-10@1  ->  J1-10@2
    - J1-10@1  ->  J1-10
  Net '/cart/CD1' (2 unrouted connections):
    - J1-11@1  ->  J1-11@2
    - J1-11  ->  J1-11@1
  Net '/cart/CD2' (2 unrouted connections):
    - J1-12@1  ->  J1-12@2
    - J1-12@1  ->  J1-12
  Net '/cart/CD3' (2 unrouted connections):
    - J1-14@1  ->  J1-14@2
    - J1-14  ->  J1-14@1
  Net '/cart/CD4' (2 unrouted connections):
    - J1-15@1  ->  J1-15@2
    - J1-15  ->  J1-15@1
  Net '/cart/CD5' (2 unrouted connections):
    - J1-16@1  ->  J1-16@2
    - J1-16@1  ->  J1-16
  Net '/cart/CD6' (2 unrouted connections):
    - J1-17@1  ->  J1-17@2
    - J1-17@1  ->  J1-17
  Net '/cart/CD7' (2 unrouted connections):
    - J1-18@1  ->  J1-18@2
    - J1-18  ->  J1-18@1
2026-10-02 23:42:11.771 INFO   [B6D549\ECC253] Auto-routing stage completed: started with 75 unrouted nets, completed in 1594.58 seconds, final score: 705.91 (67 unrouted and 162 violations), using 1579.50 total CPU seconds, 7558.59 GB total allocated, and 4422.5 MB peak heap usage.
2026-10-02 23:42:12.170 INFO   [B6D549\ECC253] Optimization stage started on board '0bf905a8095f5ed1b1f280cd3519f2c8' with score 705.91 (67 unrouted and 162 violations).
2026-10-02 23:42:20.585 INFO   [B6D549\ECC253] Optimizer pass #1 on board '3627a8cb1ba1102e2f7dd5358754c136' was completed in 7.18 seconds with the score of 705.91 (67 unrouted and 162 violations).
2026-10-02 23:42:20.982 INFO   [B6D549\ECC253] Stopping optimizer because the improvement in this pass (0.0000%) is below the threshold (1.00%).
2026-10-02 23:42:21.387 INFO   [B6D549\ECC253] Optimization stage completed: started with score 705.91 (67 unrouted and 162 violations), completed in 8.82 seconds, final score: 705.91 (67 unrouted and 162 violations), using 8.74 total CPU seconds, 66.72 GB total allocated, and 1766.6 MB peak heap usage.
2026-10-02 23:42:21.405 INFO   [B6D549\ECC253] Job 'B6D549\ECC253' finished with state: COMPLETED (elapsed: 26 minutes 44.64 seconds, finished at UTC: 2026-10-03T04:42:21.403945993Z).
2026-10-02 23:42:21.682 INFO   Saving output file '/home/thomc/Workspace/fh-astrocade/Astrocade/rev0/exports/FujiNet-Astrocade-Rev0.ses' (SES)...
2026-10-02 23:42:21.683 INFO   Successfully saved output file '/home/thomc/Workspace/fh-astrocade/Astrocade/rev0/exports/FujiNet-Astrocade-Rev0.ses' (106563 bytes).
